round-neg -2
round-pos 3
round-half 1
min-empty Infinity
max-empty -Infinity
min-nan NaN
min-vals 1
max-vals 3
hypot 5
hypot3 13
hypot-empty 0
hypot-nan NaN
hypot-inf Infinity
atan2 0.7853981633974483
imul-small 12
imul-u32 -5
imul-over -1294967296
imul-neg 25
sign-neg0 -Infinity
sign-pos0 Infinity
sign-neg -1
pad-empty x
pad-space   x
padend-empty x
reduce-empty-throw TypeError
reduce-empty-init 42
reduce-empty-null null
str-oob none
str-neg none
json-nul "\u0000"
json-bs "\b"
idxof-from 2
idxof-neg 3
startsw-pos true
endsw-pos true
isnan-str false true false
isfinite-str true false true
trimstart [x  ]
trimend [  x]
num-isint true false false
num-safe true false
num-nan true false false
num-max 9007199254740991 -9007199254740991
objis true false true
arrof 1 1,2,3
lastidx 4 -1 0
copywithin 4,5,3,4,5
includes-nan true
includes-no false
parseint-hex 31
parseint-auto 31
parseint-junk 12
parseint-neg -16
tofixed 3
tofixed-neg -3
tofixed-pi 3.14
tofixed-tielo 2.67 0.61 1.4 5.5
tofixed-tielo2 4.5 0.01 0.04 8.57
tofixed-exact 0.13 1 10.00 1000.00
negzero-tostring 0
negzero-string 0
negzero-concat 0
negzero-template 0
negzero-inspect -0
cpat 97 99
substr ell lo
from-str a,b,c
from-set 1,2,3
from-len 0,10,20
from-map 2,4,6
rep-amp a[-]b-c a[-]b[-]c
rep-ctx aac acc a$c
clz32 31 32 0
fround 1.100000023841858 5.5
expm1 0 0
gopn a,b
enc-comp a%20b%26c%3Dd%2Fe%3Ff
dec-comp a b&c=d
dec-uri a b%26c
rreduce cba -2
rreduce-init zba
akeys 0,1,2
avalues a,b,c
aentries 0:a|1:b
sc 1 9 x y false
scprim 7 hi
scarr [1,[2,3]]
sccycle true
bcSorted [1,2,3] [3,1,2]
bcSortedCmp [1,2,3,10]
bcReversed [2,1,3] [3,1,2]
bcWith [3,99,2] [1,2,9]
bcSpliced [1,"a","b",4] [1]
bcWithErr RangeError
exp 1.23e+4 1.00e-5 3e+0
expNo 1.2345e+4 1e+0
prec 3.14 1.2e+2 0.00012
precTie 3 1.3 101 2.67
precBig 123.00 1.00e+6
precErr RangeError
hasOwn true false false
hasOwnArr true false true
normEq false 1 2
normNFC true 1
normNFD true 2
normDefault true
normNFKC fi fi
normErr RangeError
maCount 3 a1 a 1 0
maAll a=1,b=2,c=3
maForof 9,8
maEmpty 0
maIdx 1,3
maErr TypeError
aidx 10 20 30 true
aforin 0:10 1:20 2:30 
awrite 99 [10,99,30]
mapReuse v id1 v 1
mapArrVal 1 3
feEach 1
feEach 2
feEach 3
feMap 2,4,6
feAssigned 105
feNamed 12
feIife 42
feClosure 15
