has-k true
get-k val
get-identity true
has-clone false
get-clone miss
has-mutated true
size-after-mutate 1
size-after-reset 1
get-after-reset second
keys-len 1
keys-identity true
keys-sees-mutation 42
delete-k true
size-after-delete 0
nested-get nested
set-has-a true
set-has-clone false
set-size-dup 1
set-delete true
set-size-after 0
arr-value-identity true
