round-neg -2
round-pos 3
round-half 1
min-empty Infinity
max-empty -Infinity
min-nan NaN
min-vals 1
max-vals 3
hypot 5
hypot3 13
hypot-empty 0
hypot-nan NaN
hypot-inf Infinity
atan2 0.7853981633974483
imul-small 12
imul-u32 -5
imul-over -1294967296
imul-neg 25
sign-neg0 -Infinity
sign-pos0 Infinity
sign-neg -1
pad-empty x
pad-space   x
padend-empty x
reduce-empty-throw TypeError
reduce-empty-init 42
reduce-empty-null null
str-oob none
str-neg none
json-nul "\u0000"
json-bs "\b"
idxof-from 2
idxof-neg 3
startsw-pos true
endsw-pos true
isnan-str false true false
isfinite-str true false true
trimstart [x  ]
trimend [  x]
num-isint true false false
num-safe true false
num-nan true false false
num-max 9007199254740991 -9007199254740991
objis true false true
arrof 1 1,2,3
lastidx 4 -1 0
copywithin 4,5,3,4,5
includes-nan true
includes-no false
parseint-hex 31
parseint-auto 31
parseint-junk 12
parseint-neg -16
tofixed 3
tofixed-neg -3
tofixed-pi 3.14
negzero-tostring 0
negzero-string 0
negzero-concat 0
negzero-template 0
negzero-inspect -0
cpat 97 99
substr ell lo
from-str a,b,c
from-set 1,2,3
from-len 0,10,20
from-map 2,4,6
rep-amp a[-]b-c a[-]b[-]c
rep-ctx aac acc a$c
